This is pdfTeX, Version 3.14159265-2.6-1.40.18 (MiKTeX 2.9.6600 64-bit) (preloaded format=latex 2018.4.6)  17 NOV 2018 22:34
entering extended mode
**./test.tex
(tes